﻿
> frontend@0.0.0 build
> vite build

[36mvite v6.4.1 [32mbuilding for production...[36m[39m
transforming...
node.exe : Error: Cannot 
apply unknown utility class 
`font-inherit`
At C:\Program 
Files\nodejs\npm.ps1:29 
char:3
+   & $NODE_EXE $NPM_CLI_JS 
$args
+   
~~~~~~~~~~~~~~~~~~~~~~~~~~~~~
    + CategoryInfo           
   : NotSpecified: (Error:   
  Cannot a... `font-inheri   
 t`:String) [], RemoteExc    
eption
    + FullyQualifiedErrorId  
   : NativeCommandError
 
    at onInvalidCandidate (C:
\Users\sosok\OneDrive\Desktop
\Luxora\frontend\node_modules
\tailwindcss\dist\lib.js:21:1
511)
    at Ee (C:\Users\sosok\One
Drive\Desktop\Luxora\frontend
\node_modules\tailwindcss\dis
t\lib.js:16:37066)
    at C:\Users\sosok\OneDriv
e\Desktop\Luxora\frontend\nod
e_modules\tailwindcss\dist\li
b.js:21:355
    at _r (C:\Users\sosok\One
Drive\Desktop\Luxora\frontend
\node_modules\tailwindcss\dis
t\lib.js:3:1733)
    at I (C:\Users\sosok\OneD
rive\Desktop\Luxora\frontend\
node_modules\tailwindcss\dist
\lib.js:3:1377)
    at Te (C:\Users\sosok\One
Drive\Desktop\Luxora\frontend
\node_modules\tailwindcss\dis
t\lib.js:21:172)
    at mn (C:\Users\sosok\One
Drive\Desktop\Luxora\frontend
\node_modules\tailwindcss\dis
t\lib.js:38:294)
    at async gn (C:\Users\sos
ok\OneDrive\Desktop\Luxora\fr
ontend\node_modules\tailwindc
ss\dist\lib.js:38:631)
    at async Xr (C:\Users\sos
ok\OneDrive\Desktop\Luxora\fr
ontend\node_modules\@tailwind
css\node\dist\index.js:10:341
6)
    at async N (C:\Users\soso
k\OneDrive\Desktop\Luxora\fro
ntend\node_modules\@tailwindc
ss\postcss\dist\index.js:10:3
979)
[32mΓ£ô[39m 41 modules transformed.
[31mΓ£ù[39m Build failed 
in 3.38s
[31merror during build:
[31m[vite:css] [postcss] 
tailwindcss: C:/Users/sosok/O
neDrive/Desktop/Luxora/fronte
nd/src/index.css:1:1: Cannot 
apply unknown utility class 
`font-inherit`[31m
file: [36mC:/Users/sosok/One
Drive/Desktop/Luxora/frontend
/src/index.css:1:0[31m
    at Input.error (C:\Users\
sosok\OneDrive\Desktop\Luxora
\frontend\node_modules\postcs
s\lib\input.js:135:16)
    at Root.error (C:\Users\s
osok\OneDrive\Desktop\Luxora\
frontend\node_modules\postcss
\lib\node.js:146:32)
    at Object.Once (C:\Users\
sosok\OneDrive\Desktop\Luxora
\frontend\node_modules\@tailw
indcss\postcss\dist\index.js:
10:6913)
    at async 
LazyResult.runAsync (C:\Users
\sosok\OneDrive\Desktop\Luxor
a\frontend\node_modules\postc
ss\lib\lazy-result.js:293:11)
    at async runPostCSS (file
:///C:/Users/sosok/OneDrive/D
esktop/Luxora/frontend/node_m
odules/vite/dist/node/chunks/
dep-D4NMHUTW.js:43853:21)
    at async compilePostCSS (
file:///C:/Users/sosok/OneDri
ve/Desktop/Luxora/frontend/no
de_modules/vite/dist/node/chu
nks/dep-D4NMHUTW.js:43823:18)
    at async compileCSS (file
:///C:/Users/sosok/OneDrive/D
esktop/Luxora/frontend/node_m
odules/vite/dist/node/chunks/
dep-D4NMHUTW.js:43678:27)
    at async Object.handler (
file:///C:/Users/sosok/OneDri
ve/Desktop/Luxora/frontend/no
de_modules/vite/dist/node/chu
nks/dep-D4NMHUTW.js:42994:11)
    at async transform (file:
///C:/Users/sosok/OneDrive/De
sktop/Luxora/frontend/node_mo
dules/rollup/dist/es/shared/n
ode-entry.js:21273:16)
    at async 
ModuleLoader.addModuleSource 
(file:///C:/Users/sosok/OneDr
ive/Desktop/Luxora/frontend/n
ode_modules/rollup/dist/es/sh
ared/node-entry.js:21501:36)
[39m
